Blueprint/Game/FunctionalTest/TestActor.rst
Struct/Game/FunctionalTest/TestStructure.rst
Enum/Game/FunctionalTest/TestEnumeration.rst